Replay: 415,668 real jobs from trace day 0.0 → day 357.0
Generated 415668 jobs over 357.0 days (1164.3 jobs/day)

=== Simulation summary ===
Total nodes:     10624
Duration:        8568.0 h (357.00 d)
Jobs submitted:    415668
Jobs that started: 415668
Jobs unstarted:    0 (still queued at horizon)
Jobs completed:    415608 (finished within the 8568h window)

--- Per-queue wait time (hours, only jobs started in window) ---
         count  mean  median    p95     max
queue                                      
large     2763  5.00    2.54  17.87   63.62
medium    9601  3.16    0.87  14.17   83.58
small    34524  6.06    0.97  33.04   72.97
tiny    368780  3.18    0.00  16.60  139.20

Average utilization:  65.9%
Node-hours delivered: 59967169 / 91026432 capacity (65.9%)
Throughput:           1164.2 completed jobs/day
                      167975 node-hours/day
Theoretical max:      254976 node-hours/day

Completed-jobs CSV → results/replay_full/jobs.csv

Plots written to results/replay_full/
