Loaded trace: 416,011 jobs, 357.2 days
  override tiny arrival_rate = 43.053/h
  override small arrival_rate = 4.029/h
  override medium arrival_rate = 1.120/h
  override large arrival_rate = 0.322/h
Generated 16417 jobs over 14.0 days (1172.6 jobs/day)

=== Simulation summary ===
Total nodes:     10624
Duration:        336.0 h (14.00 d)
Jobs submitted:    16417
Jobs that started: 16385
Jobs unstarted:    32 (still queued at horizon)
Jobs completed:    16350 (finished within the 336h window)

--- Per-queue wait time (hours, only jobs started in window) ---
        count  mean  median   p95    max
queue                                   
large      87  2.33    0.87  9.92  21.44
medium    395  0.65    0.00  4.86  10.39
small    1404  0.62    0.00  3.86  11.47
tiny    14499  0.22    0.00  1.35  16.76

Average utilization:  65.6%
Node-hours delivered: 2334446 / 3569664 capacity (65.4%)
Throughput:           1167.9 completed jobs/day
                      166746 node-hours/day
Theoretical max:      254976 node-hours/day
